CreateAiAgent_tf	mutation CreateAiAgent_tf($input:CreateAgentInput!){ createAiAgent(input:$input){ agent{ uuid } } }
CreateAutomation_tf	mutation CreateAutomation_tf($input:CreateAutomationInput!){ createAutomation(input:$input){ automation{ id name action_id event_id active } error_details{ object_name object_key messages } } }
CreateFieldCondition_tf	mutation CreateFieldCondition_tf($input:createFieldConditionInput!){ createFieldCondition(input:$input){ fieldCondition{ id name phase{ id } condition{ expressions{ structure_id field_address operation value } expressions_structure } actions{ actionId phaseField{ internal_id } whenEvaluator } } } }
CreateLabel_tf	mutation CreateLabel_tf($pipeId:ID!,$name:String!,$color:String!){ createLabel(input:{ pipe_id:$pipeId, name:$name, color:$color }){ label{ id name color } } }
CreatePhaseField_tf	mutation CreatePhaseField_tf($phaseId:ID!,$type:ID!,$label:String!,$required:Boolean,$options:[String],$description:String,$help:String,$editable:Boolean,$minimalView:Boolean,$customValidation:String,$index:Float){ createPhaseField(input:{ phase_id:$phaseId, type:$type, label:$label, required:$required, options:$options, description:$description, help:$help, editable:$editable, minimal_view:$minimalView, custom_validation:$customValidation, index:$index }){ phase_field{ id internal_id uuid label type required options description help editable minimal_view custom_validation index } } }
CreatePhase_tf	mutation CreatePhase_tf($pipeId:ID!,$name:String!,$done:Boolean,$description:String,$index:Float,$latenessTime:Int,$canReceiveCardDirectlyFromDraft:Boolean){ createPhase(input:{ pipe_id:$pipeId, name:$name, done:$done, description:$description, index:$index, lateness_time:$latenessTime, can_receive_card_directly_from_draft:$canReceiveCardDirectlyFromDraft }){ phase{ id name done description index lateness_time can_receive_card_directly_from_draft repo_id } } }
CreatePipeRelation_tf	mutation CreatePipeRelation_tf($input:CreatePipeRelationInput!){ createPipeRelation(input:$input){ pipeRelation{ id } } }
CreatePipe_tf	mutation CreatePipe_tf($name:String!,$orgId:ID!){ createPipe(input:{name:$name, organization_id:$orgId}){ pipe{ id name } } }
CreateTableField_tf	mutation CreateTableField_tf($tableId:ID!,$type:ID!,$label:String!,$required:Boolean,$options:[String],$description:String,$help:String,$minimalView:Boolean,$customValidation:String,$unique:Boolean){ createTableField(input:{ table_id:$tableId, type:$type, label:$label, required:$required, options:$options, description:$description, help:$help, minimal_view:$minimalView, custom_validation:$customValidation, unique:$unique }){ table_field{ id internal_id uuid label type required options description help minimal_view custom_validation unique } } }
CreateTable_tf	mutation CreateTable_tf($name:String!,$orgId:ID!,$authorization:TableAuthorization,$description:String,$color:Colors,$icon:String){ createTable(input:{ name:$name, organization_id:$orgId, authorization:$authorization, description:$description, color:$color, icon:$icon }){ table{ id name description authorization color icon } } }
CreateWebhook_tf	mutation CreateWebhook_tf($input:CreateWebhookInput!){ createWebhook(input:$input){ webhook{ id name url actions filters } } }
DeleteAiAgent_tf	mutation DeleteAiAgent_tf($input:DeleteAgentInput!){ deleteAiAgent(input:$input){ success errors } }
DeleteAutomation_tf	mutation DeleteAutomation_tf($id:ID!){ deleteAutomation(input:{id:$id}){ success } }
DeleteFieldCondition_tf	mutation DeleteFieldCondition_tf($id:ID!){ deleteFieldCondition(input:{id:$id}){ success } }
DeleteLabel_tf	mutation DeleteLabel_tf($id:ID!){ deleteLabel(input:{ id:$id }){ success } }
DeletePhaseField_tf	mutation DeletePhaseField_tf($id:ID!,$pipeUuid:ID!){ deletePhaseField(input:{ id:$id, pipeUuid:$pipeUuid }){ success } }
DeletePhase_tf	mutation DeletePhase_tf($id:ID!){ deletePhase(input:{id:$id}){ success } }
DeletePipeRelation_tf	mutation DeletePipeRelation_tf($id:ID!){ deletePipeRelation(input:{ id:$id }){ success } }
DeletePipe_tf	mutation DeletePipe_tf($id:ID!){ deletePipe(input:{id:$id}){ success } }
DeleteTableField_tf	mutation DeleteTableField_tf($id:ID!,$tableId:ID!){ deleteTableField(input:{ id:$id, table_id:$tableId }){ success } }
DeleteTable_tf	mutation DeleteTable_tf($id:ID!){ deleteTable(input:{id:$id}){ success } }
DeleteWebhook_tf	mutation DeleteWebhook_tf($id:ID!){ deleteWebhook(input:{ id:$id }){ success } }
GetAiAgent_tf	query GetAiAgent_tf($uuid:ID!){ aiAgent(uuid:$uuid){ uuid name instruction repoUuid dataSourceIds disabledAt behaviors { id name event_id event_params { to_phase_id triggerFieldIds } action_params { aiBehaviorParams { instruction actionsAttributes { id referenceId name actionType metadata { destinationPhaseId pipeId fieldsAttributes { fieldId inputMode value } } } } } } } }
GetAutomation_tf	query GetAutomation_tf($id:ID!){ automation(id:$id){ id name active event_id action_id event_repo{ id } action_repo_v2{ ... on Pipe{ id } ... on Table{ id } } scheduler_frequency schedulerCron{ minute hour dayOfMonth month dayOfWeek } searchFor{ field id operation value } responseSchema condition{ expressions{ structure_id field_address operation value } expressions_structure } } }
GetFieldCondition_tf	query GetFieldCondition_tf($id:ID!){ fieldCondition(id:$id){ id name phase{ id } condition{ expressions{ structure_id field_address operation value } expressions_structure } actions{ actionId phaseField{ internal_id } whenEvaluator } } }
GetPhaseFields_tf	query GetPhaseFields_tf($phaseId:ID!){ phase(id:$phaseId){ fields{ id internal_id uuid label type required options description help editable minimal_view custom_validation index } } }
GetPhaseRepoId_tf	query GetPhaseRepoId_tf($id:ID!){ phase(id:$id){ repo_id } }
GetPhase_tf	query GetPhase_tf($id:ID!){ phase(id:$id){ id name done description index lateness_time can_receive_card_directly_from_draft repo_id } }
GetPipeLabels_tf	query GetPipeLabels_tf($pipeId:ID!){ pipe(id:$pipeId){ labels{ id name color } } }
GetPipePhases_tf	query GetPipePhases_tf($id:ID!){ pipe(id:$id){ id name public icon color only_admin_can_remove_cards only_assignees_can_edit_cards expiration_time_by_unit expiration_unit startFormPhaseId preferences { inboxEmailEnabled mainTabViews } phases { id } } }
GetPipeRelations_tf	query GetPipeRelations_tf($pipeId:ID!){ pipe(id:$pipeId){ childrenRelations{ id name canCreateNewItems canConnectExistingItems canConnectMultipleItems allChildrenMustBeDoneToFinishParent allChildrenMustBeDoneToMoveParent childMustExistToFinishParent childMustExistToMoveParent autoFillFieldEnabled parent { ... on Pipe { id } ... on Table { id } } child { ... on Pipe { id } ... on Table { id } } ownFieldMaps { fieldId inputMode value } } } }
GetPipeUuid_tf	query GetPipeUuid_tf($id:ID!){ pipe(id:$id){ uuid } }
GetPipeWebhooks_tf	query GetPipeWebhooks_tf($pipeId:ID!){ pipe(id:$pipeId){ webhooks{ id name url actions filters } } }
GetPipe_tf	query GetPipe_tf($id:ID!){ pipe(id:$id){ id name public icon color only_admin_can_remove_cards only_assignees_can_edit_cards expiration_time_by_unit expiration_unit startFormPhaseId preferences { inboxEmailEnabled mainTabViews } organization { id } } }
GetTableFields_tf	query GetTableFields_tf($tableId:ID!){ table(id:$tableId){ table_fields{ id internal_id uuid label type required options description help minimal_view custom_validation unique } } }
GetTable_tf	query GetTable_tf($id:ID!){ table(id:$id){ id name description authorization color icon organization { id } } }
UpdateAiAgentStatus_tf	mutation UpdateAiAgentStatus_tf($input:UpdateAgentStatusInput!){ updateAiAgentStatus(input:$input){ success } }
UpdateAiAgent_tf	mutation UpdateAiAgent_tf($input:UpdateAgentInput!){ updateAiAgent(input:$input){ agent{ uuid } } }
UpdateAutomation_tf	mutation UpdateAutomation_tf($input:UpdateAutomationInput!){ updateAutomation(input:$input){ automation{ id } error_details{ object_name object_key messages } } }
UpdateFieldCondition_tf	mutation UpdateFieldCondition_tf($input:UpdateFieldConditionInput!){ updateFieldCondition(input:$input){ fieldCondition{ id name phase{ id } condition{ expressions{ structure_id field_address operation value } expressions_structure } actions{ actionId phaseField{ internal_id } whenEvaluator } } } }
UpdateLabel_tf	mutation UpdateLabel_tf($id:ID!,$name:String!,$color:String!){ updateLabel(input:{ id:$id, name:$name, color:$color }){ label{ id name color } } }
UpdatePhaseField_tf	mutation UpdatePhaseField_tf($id:ID!,$uuid:ID!,$label:String!,$required:Boolean,$options:[String],$description:String,$help:String,$editable:Boolean,$minimalView:Boolean,$customValidation:String,$index:Float){ updatePhaseField(input:{ id:$id, uuid:$uuid, label:$label, required:$required, options:$options, description:$description, help:$help, editable:$editable, minimal_view:$minimalView, custom_validation:$customValidation, index:$index }){ phase_field{ id internal_id uuid label type required options description help editable minimal_view custom_validation index } } }
UpdatePhase_tf	mutation UpdatePhase_tf($id:ID!,$name:String!,$done:Boolean,$description:String,$latenessTime:Int,$canReceiveCardDirectlyFromDraft:Boolean){ updatePhase(input:{ id:$id, name:$name, done:$done, description:$description, lateness_time:$latenessTime, can_receive_card_directly_from_draft:$canReceiveCardDirectlyFromDraft }){ phase{ id name done description index lateness_time can_receive_card_directly_from_draft repo_id } } }
UpdatePipeRelation_tf	mutation UpdatePipeRelation_tf($input:UpdatePipeRelationInput!){ updatePipeRelation(input:$input){ pipeRelation{ id } } }
UpdatePipe_tf	mutation UpdatePipe_tf($id:ID!,$name:String,$public:Boolean,$icon:String,$color:Colors,$onlyAdminCanRemoveCards:Boolean,$onlyAssigneesCanEditCards:Boolean,$expirationTimeByUnit:Int,$expirationUnit:Int,$preferences:RepoPreferenceInput){ updatePipe(input:{ id:$id, name:$name, public:$public, icon:$icon, color:$color, only_admin_can_remove_cards:$onlyAdminCanRemoveCards, only_assignees_can_edit_cards:$onlyAssigneesCanEditCards, expiration_time_by_unit:$expirationTimeByUnit, expiration_unit:$expirationUnit, preferences:$preferences }){ pipe{ id name public icon color only_admin_can_remove_cards only_assignees_can_edit_cards expiration_time_by_unit expiration_unit startFormPhaseId preferences { inboxEmailEnabled mainTabViews } } } }
UpdateTableField_tf	mutation UpdateTableField_tf($id:ID!,$tableId:ID!,$label:String,$required:Boolean,$options:[String],$description:String,$help:String,$minimalView:Boolean,$customValidation:String,$unique:Boolean){ updateTableField(input:{ id:$id, table_id:$tableId, label:$label, required:$required, options:$options, description:$description, help:$help, minimal_view:$minimalView, custom_validation:$customValidation, unique:$unique }){ table_field{ id internal_id uuid label type required options description help minimal_view custom_validation unique } } }
UpdateTable_tf	mutation UpdateTable_tf($id:ID!,$name:String,$authorization:TableAuthorization,$description:String,$color:Colors,$icon:String){ updateTable(input:{ id:$id, name:$name, authorization:$authorization, description:$description, color:$color, icon:$icon }){ table{ id name description authorization color icon } } }
UpdateWebhook_tf	mutation UpdateWebhook_tf($input:UpdateWebhookInput!){ updateWebhook(input:$input){ webhook{ id } } }
